// Vitest Snapshot v1, https://vitest.dev/guide/snapshot.html

exports[`Empreintes de la grille (filet de la séparation du jeu et du rendu) > 3e, la place des îles, des bornes, des lieux et du bonhomme 1`] = `"2d53fb09"`;

exports[`Empreintes de la grille (filet de la séparation du jeu et du rendu) > 3e, les ouvrages, l’embarquement et les voyages 1`] = `
{
  "embarquement": "3c49ac5f",
  "ouvrages": "8b5ed16a",
  "voyages": "e6548dc9",
}
`;

exports[`Empreintes de la grille (filet de la séparation du jeu et du rendu) > 3e, partie mi-parcours 1`] = `
{
  "créatures et Gardiens": "7f882c61",
  "cubes": "6c905732",
  "cubes avec créatures": "ca041275",
  "décor posé sur la pente": "890d1cb9",
  "navire": "b4f5e3d8",
  "sol (facettes)": "57154ca1",
  "sol (lave)": "13fe3a3b",
  "trajets depuis le port": "6327dc73",
}
`;

exports[`Empreintes de la grille (filet de la séparation du jeu et du rendu) > 3e, partie tout construit 1`] = `
{
  "créatures et Gardiens": "091579a5",
  "cubes": "5ba5cf21",
  "cubes avec créatures": "5c940264",
  "décor posé sur la pente": "f7fab437",
  "navire": "b4f5e3d8",
  "sol (facettes)": "8cf0f9c4",
  "sol (lave)": "13fe3a3b",
  "trajets depuis le port": "205933c6",
}
`;

exports[`Empreintes de la grille (filet de la séparation du jeu et du rendu) > 3e, partie vierge 1`] = `
{
  "créatures et Gardiens": "741638a5",
  "cubes": "2e493535",
  "cubes avec créatures": "2e493535",
  "décor posé sur la pente": "939ab4a7",
  "navire": "72dd9e54",
  "sol (facettes)": "e2cccef5",
  "sol (lave)": "13fe3a3b",
  "trajets depuis le port": "fb62a264",
}
`;

exports[`Empreintes de la grille (filet de la séparation du jeu et du rendu) > 4e, la place des îles, des bornes, des lieux et du bonhomme 1`] = `"8185de2c"`;

exports[`Empreintes de la grille (filet de la séparation du jeu et du rendu) > 4e, les ouvrages, l’embarquement et les voyages 1`] = `
{
  "embarquement": "c073d775",
  "ouvrages": "398c3f53",
  "voyages": "4624de80",
}
`;

exports[`Empreintes de la grille (filet de la séparation du jeu et du rendu) > 4e, partie mi-parcours 1`] = `
{
  "créatures et Gardiens": "3861f0fb",
  "cubes": "2d5f80cc",
  "cubes avec créatures": "371febd1",
  "décor posé sur la pente": "d30f2625",
  "navire": "bc701ce8",
  "sol (facettes)": "93e5fef8",
  "sol (lave)": "13fe3a3b",
  "trajets depuis le port": "457d4739",
}
`;

exports[`Empreintes de la grille (filet de la séparation du jeu et du rendu) > 4e, partie tout construit 1`] = `
{
  "créatures et Gardiens": "ebcf78d5",
  "cubes": "b31ece29",
  "cubes avec créatures": "c7782f26",
  "décor posé sur la pente": "3027c9fc",
  "navire": "bc701ce8",
  "sol (facettes)": "ec664ff4",
  "sol (lave)": "13fe3a3b",
  "trajets depuis le port": "64227dc2",
}
`;

exports[`Empreintes de la grille (filet de la séparation du jeu et du rendu) > 4e, partie vierge 1`] = `
{
  "créatures et Gardiens": "741638a5",
  "cubes": "d91908f6",
  "cubes avec créatures": "d91908f6",
  "décor posé sur la pente": "ee4a3ee1",
  "navire": "bd94d816",
  "sol (facettes)": "b214ded2",
  "sol (lave)": "13fe3a3b",
  "trajets depuis le port": "94fd04e1",
}
`;

exports[`Empreintes de la grille (filet de la séparation du jeu et du rendu) > 5e, la place des îles, des bornes, des lieux et du bonhomme 1`] = `"5d38b541"`;

exports[`Empreintes de la grille (filet de la séparation du jeu et du rendu) > 5e, les ouvrages, l’embarquement et les voyages 1`] = `
{
  "embarquement": "38718b43",
  "ouvrages": "5a51a752",
  "voyages": "4ee15b98",
}
`;

exports[`Empreintes de la grille (filet de la séparation du jeu et du rendu) > 5e, partie mi-parcours 1`] = `
{
  "créatures et Gardiens": "f0cc0c5c",
  "cubes": "1fdb7fe5",
  "cubes avec créatures": "110ccd65",
  "décor posé sur la pente": "47ba40e2",
  "navire": "11613e8f",
  "sol (facettes)": "eae818be",
  "sol (lave)": "13fe3a3b",
  "trajets depuis le port": "d170661a",
}
`;

exports[`Empreintes de la grille (filet de la séparation du jeu et du rendu) > 5e, partie tout construit 1`] = `
{
  "créatures et Gardiens": "148ba970",
  "cubes": "a8b345b5",
  "cubes avec créatures": "50377441",
  "décor posé sur la pente": "ad079944",
  "navire": "11613e8f",
  "sol (facettes)": "cc631ed3",
  "sol (lave)": "13fe3a3b",
  "trajets depuis le port": "d176959c",
}
`;

exports[`Empreintes de la grille (filet de la séparation du jeu et du rendu) > 5e, partie vierge 1`] = `
{
  "créatures et Gardiens": "741638a5",
  "cubes": "9ca4ea2a",
  "cubes avec créatures": "9ca4ea2a",
  "décor posé sur la pente": "800fd3b1",
  "navire": "d2c15feb",
  "sol (facettes)": "45689919",
  "sol (lave)": "13fe3a3b",
  "trajets depuis le port": "5edc5cb0",
}
`;

exports[`Empreintes de la grille (filet de la séparation du jeu et du rendu) > 6e, la place des îles, des bornes, des lieux et du bonhomme 1`] = `"0b4fb32b"`;

exports[`Empreintes de la grille (filet de la séparation du jeu et du rendu) > 6e, les ouvrages, l’embarquement et les voyages 1`] = `
{
  "embarquement": "5c856140",
  "ouvrages": "1e71639d",
  "voyages": "741638a5",
}
`;

exports[`Empreintes de la grille (filet de la séparation du jeu et du rendu) > 6e, partie mi-parcours 1`] = `
{
  "créatures et Gardiens": "0dd9ddc5",
  "cubes": "d37c38d0",
  "cubes avec créatures": "91c3c8a1",
  "décor posé sur la pente": "f9ae8719",
  "navire": "3c0ab4aa",
  "sol (facettes)": "cec72eb6",
  "sol (lave)": "13fe3a3b",
  "trajets depuis le port": "3496b4c9",
}
`;

exports[`Empreintes de la grille (filet de la séparation du jeu et du rendu) > 6e, partie tout construit 1`] = `
{
  "créatures et Gardiens": "14e355f4",
  "cubes": "298760cc",
  "cubes avec créatures": "ad1c53f9",
  "décor posé sur la pente": "4521e380",
  "navire": "3c0ab4aa",
  "sol (facettes)": "92eeedde",
  "sol (lave)": "13fe3a3b",
  "trajets depuis le port": "0b1f11e0",
}
`;

exports[`Empreintes de la grille (filet de la séparation du jeu et du rendu) > 6e, partie vierge 1`] = `
{
  "créatures et Gardiens": "7750bc15",
  "cubes": "f7aa833b",
  "cubes avec créatures": "00f487e9",
  "décor posé sur la pente": "99746639",
  "navire": "01fd767b",
  "sol (facettes)": "08232c82",
  "sol (lave)": "13fe3a3b",
  "trajets depuis le port": "0a955b04",
}
`;

exports[`Empreintes de la grille (filet de la séparation du jeu et du rendu) > les clés des cases de chaque plan (sauvegardes) 1`] = `
{
  "english-3e-comprehension-1": "2f052ce1",
  "english-3e-comprehension-2": "9180c499",
  "english-3e-comprehension-3": "45911060",
  "english-3e-grammar-1": "150a97e9",
  "english-3e-grammar-2": "429001d9",
  "english-3e-grammar-3": "bbf7ff7a",
  "english-4e-comprehension-1": "18d8075b",
  "english-4e-comprehension-2": "429f7f59",
  "english-4e-comprehension-3": "61c6f4d4",
  "english-4e-grammar-1": "edb84ad3",
  "english-4e-grammar-2": "b5db4e70",
  "english-4e-grammar-3": "ad5408a7",
  "english-5e-grammar-1": "18d8075b",
  "english-5e-grammar-2": "a804a7ad",
  "english-5e-grammar-3": "61c6f4d4",
  "english-5e-vocabulary-1": "edb84ad3",
  "english-5e-vocabulary-2": "b5db4e70",
  "english-5e-vocabulary-3": "ad5408a7",
  "english-6e-grammar-1": "150a97e9",
  "english-6e-grammar-2": "f9b5a21c",
  "english-6e-grammar-3": "bbf7ff7a",
  "english-6e-vocabulary-1": "2f052ce1",
  "english-6e-vocabulary-2": "9180c499",
  "english-6e-vocabulary-3": "45911060",
  "french-3e-close-reading-1": "150a97e9",
  "french-3e-close-reading-2": "f9b5a21c",
  "french-3e-close-reading-3": "bbf7ff7a",
  "french-4e-agreement-1": "4ef40037",
  "french-4e-agreement-2": "fe05b13c",
  "french-4e-agreement-3": "ad5408a7",
  "french-4e-vocabulary-1": "624bd1d4",
  "french-4e-vocabulary-2": "90d1b98d",
  "french-4e-vocabulary-3": "ad5408a7",
  "french-5e-conjugation-1": "4ef40037",
  "french-5e-conjugation-2": "fe05b13c",
  "french-5e-conjugation-3": "ad5408a7",
  "french-5e-homophones-1": "2f052ce1",
  "french-5e-homophones-2": "9180c499",
  "french-5e-homophones-3": "45911060",
  "french-6e-grammar-spelling-1": "18d8075b",
  "french-6e-grammar-spelling-2": "429f7f59",
  "french-6e-grammar-spelling-3": "61c6f4d4",
  "french-6e-letter-confusion-1": "2f052ce1",
  "french-6e-letter-confusion-2": "6d31d5ed",
  "french-6e-letter-confusion-3": "45911060",
  "french-6e-phonology-1": "2f052ce1",
  "french-6e-phonology-2": "9180c499",
  "french-6e-phonology-3": "45911060",
  "french-6e-reading-1": "150a97e9",
  "french-6e-reading-2": "f9b5a21c",
  "french-6e-reading-3": "bbf7ff7a",
  "french-6e-word-spelling-1": "624bd1d4",
  "french-6e-word-spelling-2": "90d1b98d",
  "french-6e-word-spelling-3": "ad5408a7",
  "geography-3e-france-1": "db4f8525",
  "geography-3e-france-2": "0359c6d9",
  "geography-3e-france-3": "ceda745d",
  "geography-4e-globalization-1": "15d8c36b",
  "geography-4e-globalization-2": "ae8bc809",
  "geography-4e-globalization-3": "5265cbb7",
  "geography-5e-resources-1": "4dbc8a4c",
  "geography-5e-resources-2": "32f48288",
  "geography-5e-resources-3": "f04a7687",
  "geography-6e-living-1": "f06ffc6c",
  "geography-6e-living-2": "3544dac4",
  "geography-6e-living-3": "34329ad5",
  "history-3e-twentieth-century-1": "2f052ce1",
  "history-3e-twentieth-century-2": "7e7e8f6e",
  "history-3e-twentieth-century-3": "45911060",
  "history-4e-revolutions-1": "abc3e812",
  "history-4e-revolutions-2": "4116f757",
  "history-4e-revolutions-3": "45911060",
  "history-5e-middle-ages-1": "ef12da84",
  "history-5e-middle-ages-2": "bf6bd1e5",
  "history-5e-middle-ages-3": "45911060",
  "history-6e-antiquity-1": "d90a564d",
  "history-6e-antiquity-2": "1cd3d99c",
  "history-6e-antiquity-3": "45911060",
  "landmark-3e-1": "ef9e075d",
  "landmark-3e-2": "0e1f4797",
  "landmark-4e-1": "e67f8392",
  "landmark-4e-2": "115c8833",
  "landmark-5e-1": "b3feb558",
  "landmark-5e-2": "2d6285b0",
  "landmark-6e-1": "cc9502f3",
  "landmark-6e-2": "e5e8d2b5",
  "lv2-3e-travel-1": "372fb85a",
  "lv2-3e-travel-2": "a7efd0c6",
  "lv2-3e-travel-3": "980f4bd1",
  "lv2-4e-daily-life-1": "15d8c36b",
  "lv2-4e-daily-life-2": "3c61837a",
  "lv2-4e-daily-life-3": "6e1e2183",
  "lv2-5e-introductions-1": "937c2204",
  "lv2-5e-introductions-2": "011c6a1d",
  "lv2-5e-introductions-3": "c08775ff",
  "maths-3e-functions-1": "150a97e9",
  "maths-3e-functions-2": "f9b5a21c",
  "maths-3e-functions-3": "bbf7ff7a",
  "maths-3e-geometry-1": "4522f510",
  "maths-3e-geometry-2": "2c3dabe6",
  "maths-3e-geometry-3": "45911060",
  "maths-3e-statistics-1": "624bd1d4",
  "maths-3e-statistics-2": "90d1b98d",
  "maths-3e-statistics-3": "ad5408a7",
  "maths-4e-algebra-1": "2f052ce1",
  "maths-4e-algebra-2": "9180c499",
  "maths-4e-algebra-3": "45911060",
  "maths-4e-powers-1": "2f052ce1",
  "maths-4e-powers-2": "6d31d5ed",
  "maths-4e-powers-3": "45911060",
  "maths-5e-proportionality-1": "edb84ad3",
  "maths-5e-proportionality-2": "b5db4e70",
  "maths-5e-proportionality-3": "ad5408a7",
  "maths-5e-signed-numbers-1": "624bd1d4",
  "maths-5e-signed-numbers-2": "90d1b98d",
  "maths-5e-signed-numbers-3": "ad5408a7",
  "maths-6e-calculation-1": "2f052ce1",
  "maths-6e-calculation-2": "9180c499",
  "maths-6e-calculation-3": "45911060",
  "maths-6e-decimals-1": "4ef40037",
  "maths-6e-decimals-2": "fe05b13c",
  "maths-6e-decimals-3": "ad5408a7",
  "maths-6e-fractions-1": "4ef40037",
  "maths-6e-fractions-2": "fe05b13c",
  "maths-6e-fractions-3": "ad5408a7",
  "navire-ballon": "980fbb57",
  "navire-coque": "93407c1e",
  "navire-reacteur": "6c49ebfc",
}
`;
