// Vitest Snapshot v1, https://vitest.dev/guide/snapshot.html

exports[`Empreintes de la grille (filet de la séparation du jeu et du rendu) > 3e, la place des îles, des bornes, des lieux et du bonhomme 1`] = `"2939c73a"`;

exports[`Empreintes de la grille (filet de la séparation du jeu et du rendu) > 3e, les ouvrages, l’embarquement et les voyages 1`] = `
{
  "embarquement": "3c49ac5f",
  "ouvrages": "a95a18b5",
  "voyages": "e6548dc9",
}
`;

exports[`Empreintes de la grille (filet de la séparation du jeu et du rendu) > 3e, partie mi-parcours 1`] = `
{
  "créatures et Gardiens": "8b79153e",
  "cubes": "a489ac43",
  "cubes avec créatures": "1a758360",
  "décor posé sur la pente": "50ccb36a",
  "navire": "b4f5e3d8",
  "sol (facettes)": "261821bb",
  "sol (lave)": "13fe3a3b",
  "trajets depuis le port": "dae01db8",
}
`;

exports[`Empreintes de la grille (filet de la séparation du jeu et du rendu) > 3e, partie tout construit 1`] = `
{
  "créatures et Gardiens": "b150c469",
  "cubes": "e40010f7",
  "cubes avec créatures": "3a254d84",
  "décor posé sur la pente": "583561cc",
  "navire": "b4f5e3d8",
  "sol (facettes)": "6a35636c",
  "sol (lave)": "13fe3a3b",
  "trajets depuis le port": "35e4025f",
}
`;

exports[`Empreintes de la grille (filet de la séparation du jeu et du rendu) > 3e, partie vierge 1`] = `
{
  "créatures et Gardiens": "741638a5",
  "cubes": "1207becb",
  "cubes avec créatures": "1207becb",
  "décor posé sur la pente": "27a7ed95",
  "navire": "72dd9e54",
  "sol (facettes)": "26c0cd21",
  "sol (lave)": "13fe3a3b",
  "trajets depuis le port": "8eed5829",
}
`;

exports[`Empreintes de la grille (filet de la séparation du jeu et du rendu) > 4e, la place des îles, des bornes, des lieux et du bonhomme 1`] = `"b2564eca"`;

exports[`Empreintes de la grille (filet de la séparation du jeu et du rendu) > 4e, les ouvrages, l’embarquement et les voyages 1`] = `
{
  "embarquement": "c073d775",
  "ouvrages": "885bc4ea",
  "voyages": "4624de80",
}
`;

exports[`Empreintes de la grille (filet de la séparation du jeu et du rendu) > 4e, partie mi-parcours 1`] = `
{
  "créatures et Gardiens": "6fa55f78",
  "cubes": "be8d9f33",
  "cubes avec créatures": "6028bd7d",
  "décor posé sur la pente": "be3eca9d",
  "navire": "bc701ce8",
  "sol (facettes)": "b6c50ec9",
  "sol (lave)": "13fe3a3b",
  "trajets depuis le port": "ae8867e8",
}
`;

exports[`Empreintes de la grille (filet de la séparation du jeu et du rendu) > 4e, partie tout construit 1`] = `
{
  "créatures et Gardiens": "7fba4579",
  "cubes": "5e2223ab",
  "cubes avec créatures": "9d182db7",
  "décor posé sur la pente": "21416849",
  "navire": "bc701ce8",
  "sol (facettes)": "bb8be4d5",
  "sol (lave)": "13fe3a3b",
  "trajets depuis le port": "479f1633",
}
`;

exports[`Empreintes de la grille (filet de la séparation du jeu et du rendu) > 4e, partie vierge 1`] = `
{
  "créatures et Gardiens": "741638a5",
  "cubes": "ee64384f",
  "cubes avec créatures": "ee64384f",
  "décor posé sur la pente": "cd71047e",
  "navire": "bd94d816",
  "sol (facettes)": "84ba9123",
  "sol (lave)": "13fe3a3b",
  "trajets depuis le port": "e8bd99ca",
}
`;

exports[`Empreintes de la grille (filet de la séparation du jeu et du rendu) > 5e, la place des îles, des bornes, des lieux et du bonhomme 1`] = `"6a219d6d"`;

exports[`Empreintes de la grille (filet de la séparation du jeu et du rendu) > 5e, les ouvrages, l’embarquement et les voyages 1`] = `
{
  "embarquement": "38718b43",
  "ouvrages": "1bde4f25",
  "voyages": "4ee15b98",
}
`;

exports[`Empreintes de la grille (filet de la séparation du jeu et du rendu) > 5e, partie mi-parcours 1`] = `
{
  "créatures et Gardiens": "cbf85974",
  "cubes": "119da43a",
  "cubes avec créatures": "a2899e14",
  "décor posé sur la pente": "6c5b9701",
  "navire": "11613e8f",
  "sol (facettes)": "e3d919b7",
  "sol (lave)": "13fe3a3b",
  "trajets depuis le port": "28dcb56c",
}
`;

exports[`Empreintes de la grille (filet de la séparation du jeu et du rendu) > 5e, partie tout construit 1`] = `
{
  "créatures et Gardiens": "1a189b32",
  "cubes": "9f79cbf8",
  "cubes avec créatures": "222658dc",
  "décor posé sur la pente": "70515565",
  "navire": "11613e8f",
  "sol (facettes)": "eb3c0c99",
  "sol (lave)": "13fe3a3b",
  "trajets depuis le port": "ebfe9406",
}
`;

exports[`Empreintes de la grille (filet de la séparation du jeu et du rendu) > 5e, partie vierge 1`] = `
{
  "créatures et Gardiens": "741638a5",
  "cubes": "60193639",
  "cubes avec créatures": "60193639",
  "décor posé sur la pente": "9b046998",
  "navire": "d2c15feb",
  "sol (facettes)": "abd3d76d",
  "sol (lave)": "13fe3a3b",
  "trajets depuis le port": "0bb91b26",
}
`;

exports[`Empreintes de la grille (filet de la séparation du jeu et du rendu) > 6e, la place des îles, des bornes, des lieux et du bonhomme 1`] = `"ba1a075b"`;

exports[`Empreintes de la grille (filet de la séparation du jeu et du rendu) > 6e, les ouvrages, l’embarquement et les voyages 1`] = `
{
  "embarquement": "5c856140",
  "ouvrages": "017869d8",
  "voyages": "741638a5",
}
`;

exports[`Empreintes de la grille (filet de la séparation du jeu et du rendu) > 6e, partie mi-parcours 1`] = `
{
  "créatures et Gardiens": "14f8681c",
  "cubes": "29396619",
  "cubes avec créatures": "ff35638e",
  "décor posé sur la pente": "a9683b34",
  "navire": "3c0ab4aa",
  "sol (facettes)": "71eba2b9",
  "sol (lave)": "13fe3a3b",
  "trajets depuis le port": "34c867c7",
}
`;

exports[`Empreintes de la grille (filet de la séparation du jeu et du rendu) > 6e, partie tout construit 1`] = `
{
  "créatures et Gardiens": "3d319fc2",
  "cubes": "7db35a90",
  "cubes avec créatures": "f812a467",
  "décor posé sur la pente": "cf25c028",
  "navire": "3c0ab4aa",
  "sol (facettes)": "fe529062",
  "sol (lave)": "13fe3a3b",
  "trajets depuis le port": "60a78fb4",
}
`;

exports[`Empreintes de la grille (filet de la séparation du jeu et du rendu) > 6e, partie vierge 1`] = `
{
  "créatures et Gardiens": "7750bc15",
  "cubes": "1879399b",
  "cubes avec créatures": "c5a53be3",
  "décor posé sur la pente": "0d804a06",
  "navire": "01fd767b",
  "sol (facettes)": "62b683f5",
  "sol (lave)": "13fe3a3b",
  "trajets depuis le port": "f2dd6c3d",
}
`;

exports[`Empreintes de la grille (filet de la séparation du jeu et du rendu) > les clés des cases de chaque plan (sauvegardes) 1`] = `
{
  "english-3e-comprehension-1": "2f052ce1",
  "english-3e-comprehension-2": "9180c499",
  "english-3e-comprehension-3": "45911060",
  "english-3e-grammar-1": "150a97e9",
  "english-3e-grammar-2": "429001d9",
  "english-3e-grammar-3": "bbf7ff7a",
  "english-4e-comprehension-1": "18d8075b",
  "english-4e-comprehension-2": "429f7f59",
  "english-4e-comprehension-3": "61c6f4d4",
  "english-4e-grammar-1": "edb84ad3",
  "english-4e-grammar-2": "b5db4e70",
  "english-4e-grammar-3": "ad5408a7",
  "english-5e-grammar-1": "18d8075b",
  "english-5e-grammar-2": "a804a7ad",
  "english-5e-grammar-3": "61c6f4d4",
  "english-5e-vocabulary-1": "edb84ad3",
  "english-5e-vocabulary-2": "b5db4e70",
  "english-5e-vocabulary-3": "ad5408a7",
  "english-6e-grammar-1": "150a97e9",
  "english-6e-grammar-2": "f9b5a21c",
  "english-6e-grammar-3": "bbf7ff7a",
  "english-6e-vocabulary-1": "2f052ce1",
  "english-6e-vocabulary-2": "9180c499",
  "english-6e-vocabulary-3": "45911060",
  "french-3e-close-reading-1": "150a97e9",
  "french-3e-close-reading-2": "f9b5a21c",
  "french-3e-close-reading-3": "bbf7ff7a",
  "french-4e-agreement-1": "4ef40037",
  "french-4e-agreement-2": "fe05b13c",
  "french-4e-agreement-3": "ad5408a7",
  "french-4e-vocabulary-1": "624bd1d4",
  "french-4e-vocabulary-2": "90d1b98d",
  "french-4e-vocabulary-3": "ad5408a7",
  "french-5e-conjugation-1": "4ef40037",
  "french-5e-conjugation-2": "fe05b13c",
  "french-5e-conjugation-3": "ad5408a7",
  "french-5e-homophones-1": "2f052ce1",
  "french-5e-homophones-2": "9180c499",
  "french-5e-homophones-3": "45911060",
  "french-6e-grammar-spelling-1": "18d8075b",
  "french-6e-grammar-spelling-2": "429f7f59",
  "french-6e-grammar-spelling-3": "61c6f4d4",
  "french-6e-letter-confusion-1": "2f052ce1",
  "french-6e-letter-confusion-2": "6d31d5ed",
  "french-6e-letter-confusion-3": "45911060",
  "french-6e-phonology-1": "2f052ce1",
  "french-6e-phonology-2": "9180c499",
  "french-6e-phonology-3": "45911060",
  "french-6e-reading-1": "150a97e9",
  "french-6e-reading-2": "f9b5a21c",
  "french-6e-reading-3": "bbf7ff7a",
  "french-6e-word-spelling-1": "624bd1d4",
  "french-6e-word-spelling-2": "90d1b98d",
  "french-6e-word-spelling-3": "ad5408a7",
  "geography-3e-france-1": "db4f8525",
  "geography-3e-france-2": "0359c6d9",
  "geography-3e-france-3": "ceda745d",
  "geography-4e-globalization-1": "15d8c36b",
  "geography-4e-globalization-2": "ae8bc809",
  "geography-4e-globalization-3": "5265cbb7",
  "geography-5e-resources-1": "4dbc8a4c",
  "geography-5e-resources-2": "32f48288",
  "geography-5e-resources-3": "762833d3",
  "geography-6e-living-1": "f06ffc6c",
  "geography-6e-living-2": "3544dac4",
  "geography-6e-living-3": "34329ad5",
  "history-3e-twentieth-century-1": "2f052ce1",
  "history-3e-twentieth-century-2": "7e7e8f6e",
  "history-3e-twentieth-century-3": "45911060",
  "history-4e-revolutions-1": "abc3e812",
  "history-4e-revolutions-2": "4116f757",
  "history-4e-revolutions-3": "45911060",
  "history-5e-middle-ages-1": "ef12da84",
  "history-5e-middle-ages-2": "bf6bd1e5",
  "history-5e-middle-ages-3": "45911060",
  "history-6e-antiquity-1": "d90a564d",
  "history-6e-antiquity-2": "1cd3d99c",
  "history-6e-antiquity-3": "45911060",
  "landmark-3e-1": "ef9e075d",
  "landmark-3e-2": "0e1f4797",
  "landmark-4e-1": "e67f8392",
  "landmark-4e-2": "115c8833",
  "landmark-5e-1": "b3feb558",
  "landmark-5e-2": "2d6285b0",
  "landmark-6e-1": "cc9502f3",
  "landmark-6e-2": "e5e8d2b5",
  "life-earth-sciences-3e-human-body-1": "a9346797",
  "life-earth-sciences-3e-human-body-2": "5c166c7c",
  "life-earth-sciences-3e-human-body-3": "bbf7ff7a",
  "life-earth-sciences-4e-cells-evolution-1": "4d751d71",
  "life-earth-sciences-4e-cells-evolution-2": "7c2fc3f6",
  "life-earth-sciences-4e-cells-evolution-3": "d5a1070d",
  "life-earth-sciences-5e-active-planet-1": "70a785ff",
  "life-earth-sciences-5e-active-planet-2": "07ab214f",
  "life-earth-sciences-5e-active-planet-3": "bfee7e59",
  "life-earth-sciences-6e-living-world-1": "4c3354eb",
  "life-earth-sciences-6e-living-world-2": "95add1da",
  "life-earth-sciences-6e-living-world-3": "45911060",
  "lv2-3e-travel-1": "372fb85a",
  "lv2-3e-travel-2": "a7efd0c6",
  "lv2-3e-travel-3": "980f4bd1",
  "lv2-4e-daily-life-1": "15d8c36b",
  "lv2-4e-daily-life-2": "3c61837a",
  "lv2-4e-daily-life-3": "6e1e2183",
  "lv2-5e-introductions-1": "937c2204",
  "lv2-5e-introductions-2": "011c6a1d",
  "lv2-5e-introductions-3": "c08775ff",
  "maths-3e-functions-1": "150a97e9",
  "maths-3e-functions-2": "f9b5a21c",
  "maths-3e-functions-3": "bbf7ff7a",
  "maths-3e-geometry-1": "4522f510",
  "maths-3e-geometry-2": "2c3dabe6",
  "maths-3e-geometry-3": "45911060",
  "maths-3e-statistics-1": "624bd1d4",
  "maths-3e-statistics-2": "90d1b98d",
  "maths-3e-statistics-3": "ad5408a7",
  "maths-4e-algebra-1": "2f052ce1",
  "maths-4e-algebra-2": "9180c499",
  "maths-4e-algebra-3": "45911060",
  "maths-4e-powers-1": "2f052ce1",
  "maths-4e-powers-2": "6d31d5ed",
  "maths-4e-powers-3": "45911060",
  "maths-5e-proportionality-1": "edb84ad3",
  "maths-5e-proportionality-2": "b5db4e70",
  "maths-5e-proportionality-3": "ad5408a7",
  "maths-5e-signed-numbers-1": "624bd1d4",
  "maths-5e-signed-numbers-2": "90d1b98d",
  "maths-5e-signed-numbers-3": "ad5408a7",
  "maths-6e-calculation-1": "2f052ce1",
  "maths-6e-calculation-2": "9180c499",
  "maths-6e-calculation-3": "45911060",
  "maths-6e-decimals-1": "4ef40037",
  "maths-6e-decimals-2": "fe05b13c",
  "maths-6e-decimals-3": "ad5408a7",
  "maths-6e-fractions-1": "4ef40037",
  "maths-6e-fractions-2": "fe05b13c",
  "maths-6e-fractions-3": "ad5408a7",
  "navire-ballon": "980fbb57",
  "navire-coque": "93407c1e",
  "navire-reacteur": "6c49ebfc",
  "physics-chemistry-3e-motion-energy-1": "d67dd02a",
  "physics-chemistry-3e-motion-energy-2": "f0346943",
  "physics-chemistry-3e-motion-energy-3": "0ca7777a",
  "physics-chemistry-4e-signals-circuits-1": "0a83df18",
  "physics-chemistry-4e-signals-circuits-2": "06bdb83a",
  "physics-chemistry-4e-signals-circuits-3": "3acfb447",
  "physics-chemistry-5e-matter-universe-1": "3bd15a39",
  "physics-chemistry-5e-matter-universe-2": "cb54aff1",
  "physics-chemistry-5e-matter-universe-3": "3e9441ec",
  "physics-chemistry-6e-matter-energy-1": "70a785ff",
  "physics-chemistry-6e-matter-energy-2": "9d9617d6",
  "physics-chemistry-6e-matter-energy-3": "45911060",
  "technology-3e-digital-1": "70a785ff",
  "technology-3e-digital-2": "9d9617d6",
  "technology-3e-digital-3": "54cb45d2",
  "technology-4e-modeling-1": "d67dd02a",
  "technology-4e-modeling-2": "f0346943",
  "technology-4e-modeling-3": "64d799cf",
  "technology-5e-design-1": "0a83df18",
  "technology-5e-design-2": "06bdb83a",
  "technology-5e-design-3": "8ca7e0ca",
  "technology-6e-objects-1": "8a0fa468",
  "technology-6e-objects-2": "4573855d",
  "technology-6e-objects-3": "61c6f4d4",
}
`;
