// Vitest Snapshot v1, https://vitest.dev/guide/snapshot.html

exports[`Empreintes du rendu Archipéo, par archipel (filet du socle) > 3e 1`] = `
{
  "ambiance": "cbe180cb",
  "décor (lueurs)": "e8011d37",
  "décor (primitives)": "f1abf2fd",
  "décor (style a)": "06a6c35a",
  "modelé dessiné": "dda04ec5",
  "relief": "b86e0db4",
}
`;

exports[`Empreintes du rendu Archipéo, par archipel (filet du socle) > 4e 1`] = `
{
  "ambiance": "de0f1ef0",
  "décor (lueurs)": "0f19b80f",
  "décor (primitives)": "9535e569",
  "décor (style a)": "71abe37c",
  "modelé dessiné": "a9f31cc6",
  "relief": "8ff0f3d1",
}
`;

exports[`Empreintes du rendu Archipéo, par archipel (filet du socle) > 5e 1`] = `
{
  "ambiance": "a65ee8f8",
  "décor (lueurs)": "13fe3a3b",
  "décor (primitives)": "b080d06c",
  "décor (style a)": "46272b3f",
  "modelé dessiné": "818af636",
  "relief": "dbe0e58a",
}
`;

exports[`Empreintes du rendu Archipéo, par archipel (filet du socle) > 6e 1`] = `
{
  "ambiance": "c5e32c31",
  "décor (lueurs)": "58d05073",
  "décor (primitives)": "2e25dcbc",
  "décor (style a)": "f1de53a4",
  "modelé dessiné": "206e8d0a",
  "relief": "878ef459",
}
`;
