// Vitest Snapshot v1, https://vitest.dev/guide/snapshot.html

exports[`Empreintes du rendu Archipéo, par archipel (filet du socle) > 3e 1`] = `
{
  "ambiance": "1d1e725f",
  "décor (lueurs)": "f2b373df",
  "décor (primitives)": "bd7346a3",
  "décor (style a)": "a92a0152",
  "modelé dessiné": "a870aac6",
  "relief": "1cc74989",
}
`;

exports[`Empreintes du rendu Archipéo, par archipel (filet du socle) > 4e 1`] = `
{
  "ambiance": "d20cc5c7",
  "décor (lueurs)": "96e5c315",
  "décor (primitives)": "d939d70d",
  "décor (style a)": "ac6d6a02",
  "modelé dessiné": "1c3e7cd3",
  "relief": "44ccdf36",
}
`;

exports[`Empreintes du rendu Archipéo, par archipel (filet du socle) > 5e 1`] = `
{
  "ambiance": "3331d598",
  "décor (lueurs)": "13fe3a3b",
  "décor (primitives)": "b864ed38",
  "décor (style a)": "e5be8e65",
  "modelé dessiné": "ca2c057a",
  "relief": "7477ff40",
}
`;

exports[`Empreintes du rendu Archipéo, par archipel (filet du socle) > 6e 1`] = `
{
  "ambiance": "5c500312",
  "décor (lueurs)": "12087f0b",
  "décor (primitives)": "cc22d421",
  "décor (style a)": "acd56eda",
  "modelé dessiné": "4e1d40ab",
  "relief": "718f9141",
}
`;
