// Vitest Snapshot v1, https://vitest.dev/guide/snapshot.html

exports[`Empreintes du rendu Archipéo, par archipel (filet du socle) > 3e 1`] = `
{
  "ambiance": "1d1e725f",
  "décor (lueurs)": "cf664f23",
  "décor (primitives)": "8aa38182",
  "décor (style a)": "acf85eaf",
  "modelé dessiné": "b732f473",
  "relief": "3763eab4",
}
`;

exports[`Empreintes du rendu Archipéo, par archipel (filet du socle) > 4e 1`] = `
{
  "ambiance": "d20cc5c7",
  "décor (lueurs)": "065b6eb9",
  "décor (primitives)": "c9eb97e1",
  "décor (style a)": "c6c65499",
  "modelé dessiné": "a891930b",
  "relief": "3857b64e",
}
`;

exports[`Empreintes du rendu Archipéo, par archipel (filet du socle) > 5e 1`] = `
{
  "ambiance": "3331d598",
  "décor (lueurs)": "13fe3a3b",
  "décor (primitives)": "65f390c2",
  "décor (style a)": "424ade30",
  "modelé dessiné": "b63278a7",
  "relief": "c9f872ca",
}
`;

exports[`Empreintes du rendu Archipéo, par archipel (filet du socle) > 6e 1`] = `
{
  "ambiance": "5c500312",
  "décor (lueurs)": "38ac7a33",
  "décor (primitives)": "f195941b",
  "décor (style a)": "b3e5485d",
  "modelé dessiné": "20c1c5f1",
  "relief": "edb763ea",
}
`;
