// Vitest Snapshot v1, https://vitest.dev/guide/snapshot.html

exports[`Empreintes du rendu Archipéo, par archipel (filet du socle) > 3e 1`] = `
{
  "ambiance": "cbe180cb",
  "décor (lueurs)": "e8011d37",
  "décor (primitives)": "77926abd",
  "décor (style a)": "4fd880fb",
  "modelé dessiné": "8bda8616",
  "relief": "796ff8c3",
}
`;

exports[`Empreintes du rendu Archipéo, par archipel (filet du socle) > 4e 1`] = `
{
  "ambiance": "de0f1ef0",
  "décor (lueurs)": "9bde5e8f",
  "décor (primitives)": "00fd2b0b",
  "décor (style a)": "2264704d",
  "modelé dessiné": "e9df7ed9",
  "relief": "dbf8cbb1",
}
`;

exports[`Empreintes du rendu Archipéo, par archipel (filet du socle) > 5e 1`] = `
{
  "ambiance": "a65ee8f8",
  "décor (lueurs)": "13fe3a3b",
  "décor (primitives)": "9eedf9a4",
  "décor (style a)": "7317a8b4",
  "modelé dessiné": "6b8a20a1",
  "relief": "10eea79c",
}
`;

exports[`Empreintes du rendu Archipéo, par archipel (filet du socle) > 6e 1`] = `
{
  "ambiance": "c5e32c31",
  "décor (lueurs)": "8bcfe72b",
  "décor (primitives)": "bd7c07b9",
  "décor (style a)": "b6adba4f",
  "modelé dessiné": "46d33129",
  "relief": "46437afd",
}
`;
