// Vitest Snapshot v1, https://vitest.dev/guide/snapshot.html

exports[`Empreintes de la grille (filet de la séparation du jeu et du rendu) > 3e, la place des îles, des bornes, des lieux et du bonhomme 1`] = `"a1a0c177"`;

exports[`Empreintes de la grille (filet de la séparation du jeu et du rendu) > 3e, les ouvrages, l’embarquement et les voyages 1`] = `
{
  "embarquement": "4c877902",
  "ouvrages": "059f5aef",
  "voyages": "e6548dc9",
}
`;

exports[`Empreintes de la grille (filet de la séparation du jeu et du rendu) > 3e, partie mi-parcours 1`] = `
{
  "créatures et Gardiens": "4e7c3078",
  "cubes": "4e1eef49",
  "cubes avec créatures": "3228eedc",
  "décor posé sur la pente": "c6aec3cf",
  "navire": "8b55e91e",
  "sol (facettes)": "660d342d",
  "sol (lave)": "13fe3a3b",
  "trajets depuis le port": "c06c5990",
}
`;

exports[`Empreintes de la grille (filet de la séparation du jeu et du rendu) > 3e, partie tout construit 1`] = `
{
  "créatures et Gardiens": "9e89f602",
  "cubes": "1f69a735",
  "cubes avec créatures": "b1983c10",
  "décor posé sur la pente": "181b1b5e",
  "navire": "8b55e91e",
  "sol (facettes)": "d1c0bf51",
  "sol (lave)": "13fe3a3b",
  "trajets depuis le port": "f042593a",
}
`;

exports[`Empreintes de la grille (filet de la séparation du jeu et du rendu) > 3e, partie vierge 1`] = `
{
  "créatures et Gardiens": "741638a5",
  "cubes": "7542c169",
  "cubes avec créatures": "7542c169",
  "décor posé sur la pente": "ce60b85b",
  "navire": "4e3d19b2",
  "sol (facettes)": "bbf1abdf",
  "sol (lave)": "13fe3a3b",
  "trajets depuis le port": "974f3796",
}
`;

exports[`Empreintes de la grille (filet de la séparation du jeu et du rendu) > 4e, la place des îles, des bornes, des lieux et du bonhomme 1`] = `"1982dd7f"`;

exports[`Empreintes de la grille (filet de la séparation du jeu et du rendu) > 4e, les ouvrages, l’embarquement et les voyages 1`] = `
{
  "embarquement": "ee895fa0",
  "ouvrages": "83e3915e",
  "voyages": "4624de80",
}
`;

exports[`Empreintes de la grille (filet de la séparation du jeu et du rendu) > 4e, partie mi-parcours 1`] = `
{
  "créatures et Gardiens": "5045d2ad",
  "cubes": "e8fb0706",
  "cubes avec créatures": "39956e18",
  "décor posé sur la pente": "50a81ee1",
  "navire": "82282bda",
  "sol (facettes)": "19188630",
  "sol (lave)": "13fe3a3b",
  "trajets depuis le port": "360612fd",
}
`;

exports[`Empreintes de la grille (filet de la séparation du jeu et du rendu) > 4e, partie tout construit 1`] = `
{
  "créatures et Gardiens": "3ff8a13c",
  "cubes": "deafcdc4",
  "cubes avec créatures": "062af54b",
  "décor posé sur la pente": "0d7015a9",
  "navire": "82282bda",
  "sol (facettes)": "b6990642",
  "sol (lave)": "13fe3a3b",
  "trajets depuis le port": "4e254ca1",
}
`;

exports[`Empreintes de la grille (filet de la séparation du jeu et du rendu) > 4e, partie vierge 1`] = `
{
  "créatures et Gardiens": "741638a5",
  "cubes": "9f575401",
  "cubes avec créatures": "9f575401",
  "décor posé sur la pente": "78836a66",
  "navire": "be6f1058",
  "sol (facettes)": "e0175f5a",
  "sol (lave)": "13fe3a3b",
  "trajets depuis le port": "37e85cba",
}
`;

exports[`Empreintes de la grille (filet de la séparation du jeu et du rendu) > 5e, la place des îles, des bornes, des lieux et du bonhomme 1`] = `"87edbec2"`;

exports[`Empreintes de la grille (filet de la séparation du jeu et du rendu) > 5e, les ouvrages, l’embarquement et les voyages 1`] = `
{
  "embarquement": "1e3d043d",
  "ouvrages": "3157f47e",
  "voyages": "4ee15b98",
}
`;

exports[`Empreintes de la grille (filet de la séparation du jeu et du rendu) > 5e, partie mi-parcours 1`] = `
{
  "créatures et Gardiens": "497998fe",
  "cubes": "3944a2d6",
  "cubes avec créatures": "2c666cc5",
  "décor posé sur la pente": "34984bd9",
  "navire": "7a093947",
  "sol (facettes)": "6c3879ea",
  "sol (lave)": "13fe3a3b",
  "trajets depuis le port": "2371cee9",
}
`;

exports[`Empreintes de la grille (filet de la séparation du jeu et du rendu) > 5e, partie tout construit 1`] = `
{
  "créatures et Gardiens": "8887cfb9",
  "cubes": "877b7d33",
  "cubes avec créatures": "8f6a821c",
  "décor posé sur la pente": "b682eaf0",
  "navire": "7a093947",
  "sol (facettes)": "0dc6856d",
  "sol (lave)": "13fe3a3b",
  "trajets depuis le port": "167166af",
}
`;

exports[`Empreintes de la grille (filet de la séparation du jeu et du rendu) > 5e, partie vierge 1`] = `
{
  "créatures et Gardiens": "741638a5",
  "cubes": "2d2c75da",
  "cubes avec créatures": "2d2c75da",
  "décor posé sur la pente": "e61185a4",
  "navire": "3d3b7c21",
  "sol (facettes)": "3db8ca9e",
  "sol (lave)": "13fe3a3b",
  "trajets depuis le port": "df6cb45b",
}
`;

exports[`Empreintes de la grille (filet de la séparation du jeu et du rendu) > 6e, la place des îles, des bornes, des lieux et du bonhomme 1`] = `"a51fa8e3"`;

exports[`Empreintes de la grille (filet de la séparation du jeu et du rendu) > 6e, les ouvrages, l’embarquement et les voyages 1`] = `
{
  "embarquement": "36ffb36a",
  "ouvrages": "db8d84f1",
  "voyages": "741638a5",
}
`;

exports[`Empreintes de la grille (filet de la séparation du jeu et du rendu) > 6e, partie mi-parcours 1`] = `
{
  "créatures et Gardiens": "a1c21415",
  "cubes": "4a9a8ac9",
  "cubes avec créatures": "7f0a01f0",
  "décor posé sur la pente": "3f25cbae",
  "navire": "77ddaf3c",
  "sol (facettes)": "c4f231e0",
  "sol (lave)": "13fe3a3b",
  "trajets depuis le port": "01acfcd0",
}
`;

exports[`Empreintes de la grille (filet de la séparation du jeu et du rendu) > 6e, partie tout construit 1`] = `
{
  "créatures et Gardiens": "f4009a06",
  "cubes": "f45032c2",
  "cubes avec créatures": "d1608059",
  "décor posé sur la pente": "3b346bf9",
  "navire": "77ddaf3c",
  "sol (facettes)": "f005abbc",
  "sol (lave)": "13fe3a3b",
  "trajets depuis le port": "b048ed98",
}
`;

exports[`Empreintes de la grille (filet de la séparation du jeu et du rendu) > 6e, partie vierge 1`] = `
{
  "créatures et Gardiens": "3e7cde82",
  "cubes": "610c5bd9",
  "cubes avec créatures": "789ef167",
  "décor posé sur la pente": "ab18c5ca",
  "navire": "1dcafcd1",
  "sol (facettes)": "aa1cf39d",
  "sol (lave)": "13fe3a3b",
  "trajets depuis le port": "36d9103d",
}
`;

exports[`Empreintes de la grille (filet de la séparation du jeu et du rendu) > les clés des cases de chaque plan (sauvegardes) 1`] = `
{
  "atelier-bureau": "2f052ce1",
  "atelier-terrasse": "45911060",
  "atelier-toit": "9180c499",
  "baie-cabine": "2f052ce1",
  "baie-quai": "45911060",
  "baie-toit": "9180c499",
  "belvedere-kiosque": "4522f510",
  "belvedere-terrasse": "45911060",
  "belvedere-toit": "2c3dabe6",
  "cabinet-nid": "624bd1d4",
  "cabinet-perchoir": "ad5408a7",
  "cabinet-toit": "90d1b98d",
  "carrefour-cabane": "2f052ce1",
  "carrefour-rondpoint": "45911060",
  "carrefour-toit": "9180c499",
  "carriere-abri": "90d1b98d",
  "carriere-cour": "ad5408a7",
  "carriere-four": "624bd1d4",
  "chateau-rempart": "bbf7ff7a",
  "chateau-toit": "429001d9",
  "chateau-tour": "150a97e9",
  "comptoir-boutique": "edb84ad3",
  "comptoir-terrasse": "ad5408a7",
  "comptoir-toit": "b5db4e70",
  "donnees-dome": "624bd1d4",
  "donnees-terrasse": "ad5408a7",
  "donnees-toit": "90d1b98d",
  "falaise-bergerie": "4ef40037",
  "falaise-enclos": "ad5408a7",
  "falaise-toit": "fe05b13c",
  "ferme-enclos": "61c6f4d4",
  "ferme-etable": "18d8075b",
  "ferme-toit": "429f7f59",
  "foret-cabane": "2f052ce1",
  "foret-cour": "45911060",
  "foret-toit": "9180c499",
  "forge-atelier": "2f052ce1",
  "forge-cour": "45911060",
  "forge-toit": "6d31d5ed",
  "gare-abri": "edb84ad3",
  "gare-quai": "ad5408a7",
  "gare-toit": "b5db4e70",
  "glacier-igloo": "624bd1d4",
  "glacier-patinoire": "ad5408a7",
  "glacier-toit": "90d1b98d",
  "horloge-cour": "bbf7ff7a",
  "horloge-toit": "f9b5a21c",
  "horloge-tour": "150a97e9",
  "jardin-cuisine": "15d8c36b",
  "jardin-serre": "6e1e2183",
  "jardin-tonnelle": "3c61837a",
  "manoir-jardin": "61c6f4d4",
  "manoir-salon": "18d8075b",
  "manoir-toit": "a804a7ad",
  "marais-hutte": "4ef40037",
  "marais-ponton": "ad5408a7",
  "marais-toit": "fe05b13c",
  "marche-echoppe": "edb84ad3",
  "marche-etal": "ad5408a7",
  "marche-toit": "b5db4e70",
  "mine-cour": "45911060",
  "mine-forge": "2f052ce1",
  "mine-toit": "6d31d5ed",
  "monument-amphitheatre": "115c8833",
  "monument-etoiles": "ef9e075d",
  "monument-kiosque": "2d6285b0",
  "monument-moulin": "e5e8d2b5",
  "monument-observatoire": "cc9502f3",
  "monument-phare-large": "b3feb558",
  "monument-temple": "0e1f4797",
  "monument-viaduc": "e67f8392",
  "navire-ballon": "980fbb57",
  "navire-coque": "93407c1e",
  "navire-reacteur": "d485b34c",
  "phare-jetee": "bbf7ff7a",
  "phare-lanterne": "150a97e9",
  "phare-toit": "f9b5a21c",
  "plaine-cour": "45911060",
  "plaine-nid": "2f052ce1",
  "plaine-toit": "9180c499",
  "refuge-pigeonnier": "980f4bd1",
  "refuge-poste": "372fb85a",
  "refuge-salle": "a7efd0c6",
  "relais-auberge": "937c2204",
  "relais-ecurie": "011c6a1d",
  "relais-fontaine": "c08775ff",
  "riviere-hutte": "4ef40037",
  "riviere-ponton": "ad5408a7",
  "riviere-toit": "fe05b13c",
  "studio-regie": "2f052ce1",
  "studio-terrasse": "45911060",
  "studio-toit": "9180c499",
  "textes-coupole": "bbf7ff7a",
  "textes-lanterne": "150a97e9",
  "textes-toit": "f9b5a21c",
  "theatre-loge": "18d8075b",
  "theatre-scene": "61c6f4d4",
  "theatre-toit": "429f7f59",
  "tour-lanterne": "f9b5a21c",
  "tour-phare": "150a97e9",
  "tour-quai": "bbf7ff7a",
  "volcan-abri": "4ef40037",
  "volcan-terrasse": "ad5408a7",
  "volcan-toit": "fe05b13c",
}
`;
