// Vitest Snapshot v1, https://vitest.dev/guide/snapshot.html

exports[`Empreintes du rendu Archipéo, par archipel (filet du socle) > 3e 1`] = `
{
  "ambiance": "cbe180cb",
  "décor (lueurs)": "e8011d37",
  "décor (primitives)": "77926abd",
  "décor (style a)": "4fd880fb",
  "modelé dessiné": "9419a15a",
  "relief": "796ff8c3",
}
`;

exports[`Empreintes du rendu Archipéo, par archipel (filet du socle) > 4e 1`] = `
{
  "ambiance": "de0f1ef0",
  "décor (lueurs)": "9bde5e8f",
  "décor (primitives)": "80252f08",
  "décor (style a)": "0712d4b5",
  "modelé dessiné": "09a13b11",
  "relief": "dbf8cbb1",
}
`;

exports[`Empreintes du rendu Archipéo, par archipel (filet du socle) > 5e 1`] = `
{
  "ambiance": "a65ee8f8",
  "décor (lueurs)": "13fe3a3b",
  "décor (primitives)": "7c172bce",
  "décor (style a)": "668e7327",
  "modelé dessiné": "f9769a51",
  "relief": "10eea79c",
}
`;

exports[`Empreintes du rendu Archipéo, par archipel (filet du socle) > 6e 1`] = `
{
  "ambiance": "c5e32c31",
  "décor (lueurs)": "6ae32213",
  "décor (primitives)": "b2a11ad2",
  "décor (style a)": "0e527cce",
  "modelé dessiné": "0732ed59",
  "relief": "46437afd",
}
`;
