// Vitest Snapshot v1, https://vitest.dev/guide/snapshot.html

exports[`Empreintes du rendu Archipéo, par archipel (filet du socle) > 3e 1`] = `
{
  "ambiance": "e6911d4f",
  "décor (lueurs)": "a1ce44cb",
  "décor (primitives)": "0f7eedeb",
  "décor (style a)": "db6f4006",
  "modelé dessiné": "6210e53d",
  "relief": "c1cbbf83",
}
`;

exports[`Empreintes du rendu Archipéo, par archipel (filet du socle) > 4e 1`] = `
{
  "ambiance": "a3e66153",
  "décor (lueurs)": "1a36ccfb",
  "décor (primitives)": "85d44f4d",
  "décor (style a)": "aa409932",
  "modelé dessiné": "a3fe320f",
  "relief": "6e338bb4",
}
`;

exports[`Empreintes du rendu Archipéo, par archipel (filet du socle) > 5e 1`] = `
{
  "ambiance": "b7d629ef",
  "décor (lueurs)": "13fe3a3b",
  "décor (primitives)": "a4ae4124",
  "décor (style a)": "c421c37e",
  "modelé dessiné": "76bff7bc",
  "relief": "02c949ef",
}
`;

exports[`Empreintes du rendu Archipéo, par archipel (filet du socle) > 6e 1`] = `
{
  "ambiance": "b835755a",
  "décor (lueurs)": "9c445ce7",
  "décor (primitives)": "71fddefa",
  "décor (style a)": "eb419ee0",
  "modelé dessiné": "4e2813a6",
  "relief": "3559ec24",
}
`;
