// Vitest Snapshot v1, https://vitest.dev/guide/snapshot.html

exports[`Empreintes des personnages en facettes > le bonhomme 1`] = `
{
  "empreinte": "cb0448e1",
  "triangles": 472,
}
`;

exports[`Empreintes des personnages en facettes > les créatures, île par île 1`] = `
{
  "atelier": "336 38a12594",
  "baie": "244 712605e6",
  "belvedere": "222 6065f789",
  "cabinet": "204 7319f9c0",
  "carrefour": "263 67e39f4d",
  "carriere": "257 8b141147",
  "chateau": "311 5bec53dd",
  "comptoir": "229 d9d44216",
  "donnees": "270 88e948f7",
  "falaise": "275 dfc8c813",
  "ferme": "247 58b1a34a",
  "foret": "250 3bdddf6c",
  "forge": "200 da24e468",
  "gare": "249 79814f3d",
  "glacier": "236 bb1c8d90",
  "horloge": "265 f170a175",
  "manoir": "299 acc9d5ee",
  "marais": "259 e107cad9",
  "marche": "319 4a4ff7b3",
  "mine": "241 d3def54b",
  "phare": "268 40b9051e",
  "plaine": "256 eb13baf5",
  "riviere": "248 dc401824",
  "studio": "278 485c007e",
  "textes": "318 d8386d93",
  "theatre": "264 32d0b77e",
  "tour": "247 164109af",
  "volcan": "233 58147ea1",
}
`;

exports[`Empreintes des personnages en facettes > les sentinelles, île par île (éteintes) 1`] = `
{
  "atelier": "230 15752aea",
  "baie": "183 9ecf4368",
  "belvedere": "207 f3f36d77",
  "cabinet": "178 7787181c",
  "carrefour": "180 ae511a7a",
  "carriere": "142 66072626",
  "chateau": "219 d8494e2b",
  "comptoir": "236 4c494f3d",
  "donnees": "216 67b894e6",
  "falaise": "235 6bcf243a",
  "ferme": "176 7f60f372",
  "foret": "162 f93f252b",
  "forge": "195 f329daea",
  "gare": "268 ad1ed548",
  "glacier": "324 c03d8f81",
  "horloge": "172 899e1347",
  "manoir": "198 eb770b39",
  "marais": "265 5cb2305e",
  "marche": "250 ab64a85d",
  "mine": "177 80669e4a",
  "phare": "203 b057d33b",
  "plaine": "177 8335cb8f",
  "riviere": "190 14f18c01",
  "studio": "262 0e836ac3",
  "textes": "224 97bdbfba",
  "theatre": "152 f2538f92",
  "tour": "172 8a7cb517",
  "volcan": "175 64bcf769",
}
`;
