// Vitest Snapshot v1, https://vitest.dev/guide/snapshot.html

exports[`Empreintes des personnages en facettes > le bonhomme 1`] = `
{
  "empreinte": "2c9c7d03",
  "triangles": 472,
}
`;

exports[`Empreintes des personnages en facettes > les créatures, île par île 1`] = `
{
  "atelier": "336 38a12594",
  "baie": "244 712605e6",
  "belvedere": "222 6065f789",
  "cabinet": "204 7319f9c0",
  "carrefour": "263 67e39f4d",
  "carriere": "257 8b141147",
  "chateau": "311 5bec53dd",
  "comptoir": "229 d9d44216",
  "donnees": "270 88e948f7",
  "falaise": "275 dfc8c813",
  "ferme": "247 58b1a34a",
  "foret": "250 68d1d715",
  "forge": "200 da24e468",
  "gare": "249 79814f3d",
  "geography-3e-france": "240 675cb430",
  "geography-4e-globalization": "210 54a9de0c",
  "geography-5e-resources": "228 d3b6e29e",
  "geography-6e-living": "200 baf9d9b7",
  "glacier": "236 bb1c8d90",
  "history-3e-twentieth-century": "221 438bdb08",
  "history-4e-revolutions": "263 a1f8a7c3",
  "history-5e-middle-ages": "205 6b07445a",
  "history-6e-antiquity": "229 6d0369ad",
  "horloge": "265 f170a175",
  "jardin": "291 cc1e4f78",
  "life-earth-sciences-3e-human-body": "245 0362f3cf",
  "life-earth-sciences-4e-cells-evolution": "228 4f11c08e",
  "life-earth-sciences-5e-active-planet": "240 20170173",
  "life-earth-sciences-6e-living-world": "244 b15daee2",
  "manoir": "299 5bc8ac7c",
  "marais": "259 e107cad9",
  "marche": "319 4a4ff7b3",
  "mine": "241 d3def54b",
  "phare": "268 40b9051e",
  "physics-chemistry-3e-motion-energy": "257 179b72e6",
  "physics-chemistry-4e-signals-circuits": "245 815a9330",
  "physics-chemistry-5e-matter-universe": "207 8adff781",
  "physics-chemistry-6e-matter-energy": "216 a2bdfa75",
  "plaine": "256 eb13baf5",
  "refuge": "277 8a3fb559",
  "relais": "258 e1147d75",
  "riviere": "248 2aa1c2bb",
  "studio": "278 485c007e",
  "technology-3e-digital": "274 26c8b021",
  "technology-4e-modeling": "249 5730bbcb",
  "technology-5e-design": "220 464c81f5",
  "technology-6e-objects": "258 d3656fec",
  "textes": "318 1f141df2",
  "theatre": "264 32d0b77e",
  "tour": "247 164109af",
  "volcan": "233 58147ea1",
}
`;

exports[`Empreintes des personnages en facettes > les fusions, archipel par archipel (tout construit) 1`] = `
{
  "3e": {
    "creatures": "3181 779805db 647bd346",
    "gardiens": "2771 48de4038",
  },
  "4e": {
    "creatures": "3014 906f5456 489254ae",
    "gardiens": "2652 e4f680ff",
  },
  "5e": {
    "creatures": "2963 9313cb1c cc05c4ab",
    "gardiens": "2761 c4c6c3a2",
  },
  "6e": {
    "creatures": "3635 c737d9cc 0a25499a",
    "gardiens": "2744 b0368731",
  },
  "bonhomme": "472 045a95c7 1032f390",
}
`;

exports[`Empreintes des personnages en facettes > les sentinelles, île par île (éteintes) 1`] = `
{
  "atelier": "230 15752aea",
  "baie": "183 9ecf4368",
  "belvedere": "207 f3f36d77",
  "cabinet": "178 7787181c",
  "carrefour": "180 ae511a7a",
  "carriere": "142 449d334d",
  "chateau": "219 d8494e2b",
  "comptoir": "236 4c494f3d",
  "donnees": "216 67b894e6",
  "falaise": "235 6bcf243a",
  "ferme": "176 7f60f372",
  "foret": "162 f93f252b",
  "forge": "195 f329daea",
  "gare": "268 ad1ed548",
  "geography-3e-france": "169 a7a3c81a",
  "geography-4e-globalization": "226 39c885cf",
  "geography-5e-resources": "188 5550a097",
  "geography-6e-living": "149 50fdef34",
  "glacier": "324 c03d8f81",
  "history-3e-twentieth-century": "213 afdc7451",
  "history-4e-revolutions": "189 71eb8840",
  "history-5e-middle-ages": "165 a614ba62",
  "history-6e-antiquity": "190 c078b9a1",
  "horloge": "172 899e1347",
  "jardin": "258 1f00506c",
  "life-earth-sciences-3e-human-body": "213 2ba0210c",
  "life-earth-sciences-4e-cells-evolution": "213 61e2cc34",
  "life-earth-sciences-5e-active-planet": "186 a7ffef40",
  "life-earth-sciences-6e-living-world": "227 fbd8aafe",
  "manoir": "198 eb770b39",
  "marais": "265 5cb2305e",
  "marche": "250 ab64a85d",
  "mine": "177 80669e4a",
  "phare": "203 b057d33b",
  "physics-chemistry-3e-motion-energy": "258 8370f75c",
  "physics-chemistry-4e-signals-circuits": "222 453eb369",
  "physics-chemistry-5e-matter-universe": "199 c830be55",
  "physics-chemistry-6e-matter-energy": "243 d1e81611",
  "plaine": "177 8335cb8f",
  "refuge": "332 1ad4083c",
  "relais": "338 261a1cd8",
  "riviere": "190 08403a77",
  "studio": "262 0e836ac3",
  "technology-3e-digital": "255 5e93f67e",
  "technology-4e-modeling": "286 bf9cdd79",
  "technology-5e-design": "232 b7cb387f",
  "technology-6e-objects": "209 8e58555f",
  "textes": "224 97bdbfba",
  "theatre": "152 f2538f92",
  "tour": "172 8a7cb517",
  "volcan": "175 64bcf769",
}
`;
